{
	"credit": "Made with Blockbench",
	"texture_size": [32, 32],
	"textures": {
		"0": "technomancy:block/cables",
		"particle": "technomancy:block/cables"
	},
	"elements": [
		{
			"name": "up",
			"from": [5, 11, 5],
			"to": [11, 16, 11],
			"rotation": {"angle": 0, "axis": "y", "origin": [8, 8, 8]},
			"faces": {
				"north": {"uv": [0, 7.5, 3, 10], "texture": "#0"},
				"east": {"uv": [0, 7.5, 3, 10], "texture": "#0"},
				"south": {"uv": [0, 7.5, 3, 10], "texture": "#0"},
				"west": {"uv": [0, 7.5, 3, 10], "texture": "#0"}
			}
		}
	]
}