{
	"credit": "Made with Blockbench",
	"texture_size": [32, 32],
	"textures": {
		"0": "technomancy:block/cables",
		"particle": "technomancy:block/cables"
	},
	"elements": [
		{
			"name": "west",
			"from": [0, 5, 5],
			"to": [5, 11, 11],
			"rotation": {"angle": 0, "axis": "y", "origin": [8, 8, 8]},
			"faces": {
				"north": {"uv": [3, 7.5, 6, 10], "rotation": 270, "texture": "#0"},
				"south": {"uv": [0, 7.5, 3, 10], "rotation": 270, "texture": "#0"},
				"up": {"uv": [0, 7.5, 3, 10], "rotation": 270, "texture": "#0"},
				"down": {"uv": [0, 7.5, 3, 10], "rotation": 270, "texture": "#0"}
			}
		}
	]
}